﻿
> frontend-ecoturismo@0.0.0 test
> vitest run


[1m[46m RUN [49m[22m [36mv4.1.1 [39m[90mC:/Users/USUARIO/Documents/Proyecto_Ecorisaralda/Frontend/Frontend_EcoRisaralda[39m

 [32mÔ£ô[39m src/test/smoke.test.js [2m([22m[2m1 test[22m[2m)[22m[32m 10[2mms[22m[39m
node.exe : 
[90mstderr[2m | src/te
st/HomePage.test.jsx[2m
 > 
[22m[2mHomePage[2m > 
[22m[2mrenders 
welcome message for 
unauthenticated user
En línea: 1 Carácter: 1
+ & "C:\Program 
Files\nodejs/node.exe" 
"C:\Program 
Files\nodejs/node_mo ...
+ ~~~~~~~~~~~~~~~~~~~~~~
~~~~~~~~~~~~~~~~~~~~~~~~
~~~~~~~~~~~~~~~~~~~~~~~
    + CategoryInfo      
        : NotSpecified  
  : ([90mstderr[2m.   
 ..henticated user:S    
tring) [], RemoteEx    
ception
    + FullyQualifiedErr 
   orId : NativeComman  
  dError
 
[22m[39mÔÜá´©Å React 
Router Future Flag 
Warning: React Router 
will begin wrapping 
state updates in 
`React.startTransition` 
in v7. You can use the 
`v7_startTransition` 
future flag to opt-in 
early. For more 
information, see https:/
/reactrouter.com/v6/upgr
ading/future#v7_starttra
nsition.
ÔÜá´©Å React Router 
Future Flag Warning: 
Relative route 
resolution within Splat 
routes is changing in 
v7. You can use the 
`v7_relativeSplatPath` 
future flag to opt-in 
early. For more 
information, see https:/
/reactrouter.com/v6/upgr
ading/future#v7_relative
splatpath.
Warning: An update to 
HomePage inside a test 
was not wrapped in 
act(...).

When testing, code that 
causes React state 
updates should be 
wrapped into act(...):

act(() => {
  /* fire events that 
update state */
});
/* assert on the output 
*/

This ensures that 
you're testing the 
behavior the user would 
see in the browser. 
Learn more at https://re
actjs.org/link/wrap-test
s-with-act
    at HomePage (C:/User
s/USUARIO/Documents/Proy
ecto_Ecorisaralda/Fronte
nd/Frontend_EcoRisaralda
/src/HomePage.jsx:15:21)
    at Router (C:\Users\
USUARIO\Documents\Proyec
to_Ecorisaralda\Frontend
\Frontend_EcoRisaralda\n
ode_modules\react-router
\dist\umd\react-router.d
evelopment.js:1207:17)
    at MemoryRouter (C:\
Users\USUARIO\Documents\
Proyecto_Ecorisaralda\Fr
ontend\Frontend_EcoRisar
alda\node_modules\react-
router\dist\umd\react-ro
uter.development.js:1101
:7)
Warning: An update to 
HomePage inside a test 
was not wrapped in 
act(...).

When testing, code that 
causes React state 
updates should be 
wrapped into act(...):

act(() => {
  /* fire events that 
update state */
});
/* assert on the output 
*/

This ensures that 
you're testing the 
behavior the user would 
see in the browser. 
Learn more at https://re
actjs.org/link/wrap-test
s-with-act
    at HomePage (C:/User
s/USUARIO/Documents/Proy
ecto_Ecorisaralda/Fronte
nd/Frontend_EcoRisaralda
/src/HomePage.jsx:15:21)
    at Router (C:\Users\
USUARIO\Documents\Proyec
to_Ecorisaralda\Frontend
\Frontend_EcoRisaralda\n
ode_modules\react-router
\dist\umd\react-router.d
evelopment.js:1207:17)
    at MemoryRouter (C:\
Users\USUARIO\Documents\
Proyecto_Ecorisaralda\Fr
ontend\Frontend_EcoRisar
alda\node_modules\react-
router\dist\umd\react-ro
uter.development.js:1101
:7)
Warning: An update to 
HomePage inside a test 
was not wrapped in 
act(...).

When testing, code that 
causes React state 
updates should be 
wrapped into act(...):

act(() => {
  /* fire events that 
update state */
});
/* assert on the output 
*/

This ensures that 
you're testing the 
behavior the user would 
see in the browser. 
Learn more at https://re
actjs.org/link/wrap-test
s-with-act
    at HomePage (C:/User
s/USUARIO/Documents/Proy
ecto_Ecorisaralda/Fronte
nd/Frontend_EcoRisaralda
/src/HomePage.jsx:15:21)
    at Router (C:\Users\
USUARIO\Documents\Proyec
to_Ecorisaralda\Frontend
\Frontend_EcoRisaralda\n
ode_modules\react-router
\dist\umd\react-router.d
evelopment.js:1207:17)
    at MemoryRouter (C:\
Users\USUARIO\Documents\
Proyecto_Ecorisaralda\Fr
ontend\Frontend_EcoRisar
alda\node_modules\react-
router\dist\umd\react-ro
uter.development.js:1101
:7)
Warning: An update to 
HomePage inside a test 
was not wrapped in 
act(...).

When testing, code that 
causes React state 
updates should be 
wrapped into act(...):

act(() => {
  /* fire events that 
update state */
});
/* assert on the output 
*/

This ensures that 
you're testing the 
behavior the user would 
see in the browser. 
Learn more at https://re
actjs.org/link/wrap-test
s-with-act
    at HomePage (C:/User
s/USUARIO/Documents/Proy
ecto_Ecorisaralda/Fronte
nd/Frontend_EcoRisaralda
/src/HomePage.jsx:15:21)
    at Router (C:\Users\
USUARIO\Documents\Proyec
to_Ecorisaralda\Frontend
\Frontend_EcoRisaralda\n
ode_modules\react-router
\dist\umd\react-router.d
evelopment.js:1207:17)
    at MemoryRouter (C:\
Users\USUARIO\Documents\
Proyecto_Ecorisaralda\Fr
ontend\Frontend_EcoRisar
alda\node_modules\react-
router\dist\umd\react-ro
uter.development.js:1101
:7)

[90mstderr[2m | src/te
st/HomePage.test.jsx[2m
 > 
[22m[2mHomePage[2m > 
[22m[2mrenders 
welcome message with 
user name for 
authenticated user
[22m[39mWarning: An 
update to HomePage 
inside a test was not 
wrapped in act(...).

When testing, code that 
causes React state 
updates should be 
wrapped into act(...):

act(() => {
  /* fire events that 
update state */
});
/* assert on the output 
*/

This ensures that 
you're testing the 
behavior the user would 
see in the browser. 
Learn more at https://re
actjs.org/link/wrap-test
s-with-act
    at HomePage (C:/User
s/USUARIO/Documents/Proy
ecto_Ecorisaralda/Fronte
nd/Frontend_EcoRisaralda
/src/HomePage.jsx:15:21)
    at Router (C:\Users\
USUARIO\Documents\Proyec
to_Ecorisaralda\Frontend
\Frontend_EcoRisaralda\n
ode_modules\react-router
\dist\umd\react-router.d
evelopment.js:1207:17)
    at MemoryRouter (C:\
Users\USUARIO\Documents\
Proyecto_Ecorisaralda\Fr
ontend\Frontend_EcoRisar
alda\node_modules\react-
router\dist\umd\react-ro
uter.development.js:1101
:7)
Warning: An update to 
HomePage inside a test 
was not wrapped in 
act(...).

When testing, code that 
causes React state 
updates should be 
wrapped into act(...):

act(() => {
  /* fire events that 
update state */
});
/* assert on the output 
*/

This ensures that 
you're testing the 
behavior the user would 
see in the browser. 
Learn more at https://re
actjs.org/link/wrap-test
s-with-act
    at HomePage (C:/User
s/USUARIO/Documents/Proy
ecto_Ecorisaralda/Fronte
nd/Frontend_EcoRisaralda
/src/HomePage.jsx:15:21)
    at Router (C:\Users\
USUARIO\Documents\Proyec
to_Ecorisaralda\Frontend
\Frontend_EcoRisaralda\n
ode_modules\react-router
\dist\umd\react-router.d
evelopment.js:1207:17)
    at MemoryRouter (C:\
Users\USUARIO\Documents\
Proyecto_Ecorisaralda\Fr
ontend\Frontend_EcoRisar
alda\node_modules\react-
router\dist\umd\react-ro
uter.development.js:1101
:7)
Warning: An update to 
HomePage inside a test 
was not wrapped in 
act(...).

When testing, code that 
causes React state 
updates should be 
wrapped into act(...):

act(() => {
  /* fire events that 
update state */
});
/* assert on the output 
*/

This ensures that 
you're testing the 
behavior the user would 
see in the browser. 
Learn more at https://re
actjs.org/link/wrap-test
s-with-act
    at HomePage (C:/User
s/USUARIO/Documents/Proy
ecto_Ecorisaralda/Fronte
nd/Frontend_EcoRisaralda
/src/HomePage.jsx:15:21)
    at Router (C:\Users\
USUARIO\Documents\Proyec
to_Ecorisaralda\Frontend
\Frontend_EcoRisaralda\n
ode_modules\react-router
\dist\umd\react-router.d
evelopment.js:1207:17)
    at MemoryRouter (C:\
Users\USUARIO\Documents\
Proyecto_Ecorisaralda\Fr
ontend\Frontend_EcoRisar
alda\node_modules\react-
router\dist\umd\react-ro
uter.development.js:1101
:7)
Warning: An update to 
HomePage inside a test 
was not wrapped in 
act(...).

When testing, code that 
causes React state 
updates should be 
wrapped into act(...):

act(() => {
  /* fire events that 
update state */
});
/* assert on the output 
*/

This ensures that 
you're testing the 
behavior the user would 
see in the browser. 
Learn more at https://re
actjs.org/link/wrap-test
s-with-act
    at HomePage (C:/User
s/USUARIO/Documents/Proy
ecto_Ecorisaralda/Fronte
nd/Frontend_EcoRisaralda
/src/HomePage.jsx:15:21)
    at Router (C:\Users\
USUARIO\Documents\Proyec
to_Ecorisaralda\Frontend
\Frontend_EcoRisaralda\n
ode_modules\react-router
\dist\umd\react-router.d
evelopment.js:1207:17)
    at MemoryRouter (C:\
Users\USUARIO\Documents\
Proyecto_Ecorisaralda\Fr
ontend\Frontend_EcoRisar
alda\node_modules\react-
router\dist\umd\react-ro
uter.development.js:1101
:7)

[90mstderr[2m | src/te
st/HomePage.test.jsx[2m
 > 
[22m[2mHomePage[2m > 
[22m[2mrenders 
welcome message with 
user name for 
authenticated user
[22m[39mWarning: An 
update to HomePage 
inside a test was not 
wrapped in act(...).

When testing, code that 
causes React state 
updates should be 
wrapped into act(...):

act(() => {
  /* fire events that 
update state */
});
/* assert on the output 
*/

This ensures that 
you're testing the 
behavior the user would 
see in the browser. 
Learn more at https://re
actjs.org/link/wrap-test
s-with-act
    at HomePage (C:/User
s/USUARIO/Documents/Proy
ecto_Ecorisaralda/Fronte
nd/Frontend_EcoRisaralda
/src/HomePage.jsx:15:21)
    at Router (C:\Users\
USUARIO\Documents\Proyec
to_Ecorisaralda\Frontend
\Frontend_EcoRisaralda\n
ode_modules\react-router
\dist\umd\react-router.d
evelopment.js:1207:17)
    at MemoryRouter (C:\
Users\USUARIO\Documents\
Proyecto_Ecorisaralda\Fr
ontend\Frontend_EcoRisar
alda\node_modules\react-
router\dist\umd\react-ro
uter.development.js:1101
:7)

 [32mÔ£ô[39m src/test/LoginPage.test.jsx [2m([22m[2m3 tests[22m[2m)[22m[33m 638[2mms[22m[39m
     [33m[2mÔ£ô[22m[39m shows error message on failed login [33m 424[2mms[22m[39m
[90mstderr[2m | src/te
st/HomePage.test.jsx[2m
 > 
[22m[2mHomePage[2m > 
[22m[2mrenders the 
"Explorar colecci├│n" 
button
[22m[39mWarning: An 
update to HomePage 
inside a test was not 
wrapped in act(...).

When testing, code that 
causes React state 
updates should be 
wrapped into act(...):

act(() => {
  /* fire events that 
update state */
});
/* assert on the output 
*/

This ensures that 
you're testing the 
behavior the user would 
see in the browser. 
Learn more at https://re
actjs.org/link/wrap-test
s-with-act
    at HomePage (C:/User
s/USUARIO/Documents/Proy
ecto_Ecorisaralda/Fronte
nd/Frontend_EcoRisaralda
/src/HomePage.jsx:15:21)
    at Router (C:\Users\
USUARIO\Documents\Proyec
to_Ecorisaralda\Frontend
\Frontend_EcoRisaralda\n
ode_modules\react-router
\dist\umd\react-router.d
evelopment.js:1207:17)
    at MemoryRouter (C:\
Users\USUARIO\Documents\
Proyecto_Ecorisaralda\Fr
ontend\Frontend_EcoRisar
alda\node_modules\react-
router\dist\umd\react-ro
uter.development.js:1101
:7)
Warning: An update to 
HomePage inside a test 
was not wrapped in 
act(...).

When testing, code that 
causes React state 
updates should be 
wrapped into act(...):

act(() => {
  /* fire events that 
update state */
});
/* assert on the output 
*/

This ensures that 
you're testing the 
behavior the user would 
see in the browser. 
Learn more at https://re
actjs.org/link/wrap-test
s-with-act
    at HomePage (C:/User
s/USUARIO/Documents/Proy
ecto_Ecorisaralda/Fronte
nd/Frontend_EcoRisaralda
/src/HomePage.jsx:15:21)
    at Router (C:\Users\
USUARIO\Documents\Proyec
to_Ecorisaralda\Frontend
\Frontend_EcoRisaralda\n
ode_modules\react-router
\dist\umd\react-router.d
evelopment.js:1207:17)
    at MemoryRouter (C:\
Users\USUARIO\Documents\
Proyecto_Ecorisaralda\Fr
ontend\Frontend_EcoRisar
alda\node_modules\react-
router\dist\umd\react-ro
uter.development.js:1101
:7)
Warning: An update to 
HomePage inside a test 
was not wrapped in 
act(...).

When testing, code that 
causes React state 
updates should be 
wrapped into act(...):

act(() => {
  /* fire events that 
update state */
});
/* assert on the output 
*/

This ensures that 
you're testing the 
behavior the user would 
see in the browser. 
Learn more at https://re
actjs.org/link/wrap-test
s-with-act
    at HomePage (C:/User
s/USUARIO/Documents/Proy
ecto_Ecorisaralda/Fronte
nd/Frontend_EcoRisaralda
/src/HomePage.jsx:15:21)
    at Router (C:\Users\
USUARIO\Documents\Proyec
to_Ecorisaralda\Frontend
\Frontend_EcoRisaralda\n
ode_modules\react-router
\dist\umd\react-router.d
evelopment.js:1207:17)
    at MemoryRouter (C:\
Users\USUARIO\Documents\
Proyecto_Ecorisaralda\Fr
ontend\Frontend_EcoRisar
alda\node_modules\react-
router\dist\umd\react-ro
uter.development.js:1101
:7)
Warning: An update to 
HomePage inside a test 
was not wrapped in 
act(...).

When testing, code that 
causes React state 
updates should be 
wrapped into act(...):

act(() => {
  /* fire events that 
update state */
});
/* assert on the output 
*/

This ensures that 
you're testing the 
behavior the user would 
see in the browser. 
Learn more at https://re
actjs.org/link/wrap-test
s-with-act
    at HomePage (C:/User
s/USUARIO/Documents/Proy
ecto_Ecorisaralda/Fronte
nd/Frontend_EcoRisaralda
/src/HomePage.jsx:15:21)
    at Router (C:\Users\
USUARIO\Documents\Proyec
to_Ecorisaralda\Frontend
\Frontend_EcoRisaralda\n
ode_modules\react-router
\dist\umd\react-router.d
evelopment.js:1207:17)
    at MemoryRouter (C:\
Users\USUARIO\Documents\
Proyecto_Ecorisaralda\Fr
ontend\Frontend_EcoRisar
alda\node_modules\react-
router\dist\umd\react-ro
uter.development.js:1101
:7)

 [32mÔ£ô[39m src/test/HomePage.test.jsx [2m([22m[2m3 tests[22m[2m)[22m[33m 680[2mms[22m[39m
     [33m[2mÔ£ô[22m[39m renders the "Explorar colecci├│n" button [33m 427[2mms[22m[39m

[2m Test Files [22m [1m[32m3 passed[39m[22m[90m (3)[39m
[2m      Tests [22m [1m[32m7 passed[39m[22m[90m (7)[39m
[2m   Start at [22m 02:32:41
[2m   Duration [22m 5.28s[2m (transform 559ms, setup 1.41s, import 1.98s, tests 1.33s, environment 7.82s)[22m

